[16-Jan-2023 15:49:59 America/Indianapolis] Request URI: /zencart/index.php?main_page=checkout_one, IP address: ::1, Language id 1
#0 /var/www/html/zencart/includes/templates/bootstrap/templates/tpl_modules_opc_address_block.php(116): zen_debug_error_handler()
#1 /var/www/html/zencart/includes/templates/bootstrap/templates/tpl_modules_opc_billing_address.php(16): require('...')
#2 /var/www/html/zencart/includes/templates/bootstrap/templates/tpl_checkout_one_default.php(55): require('...')
#3 /var/www/html/zencart/includes/templates/bootstrap/common/tpl_main_page.php(202): require('...')
#4 /var/www/html/zencart/index.php(94): require('...')
--> PHP Warning: Undefined variable $address_info in /var/www/html/zencart/includes/templates/bootstrap/templates/tpl_modules_opc_address_block.php on line 116.

[16-Jan-2023 15:49:59 America/Indianapolis] Request URI: /zencart/index.php?main_page=checkout_one, IP address: ::1, Language id 1
#0 /var/www/html/zencart/includes/templates/bootstrap/templates/tpl_modules_opc_address_block.php(116): zen_debug_error_handler()
#1 /var/www/html/zencart/includes/templates/bootstrap/templates/tpl_modules_opc_billing_address.php(16): require('...')
#2 /var/www/html/zencart/includes/templates/bootstrap/templates/tpl_checkout_one_default.php(55): require('...')
#3 /var/www/html/zencart/includes/templates/bootstrap/common/tpl_main_page.php(202): require('...')
#4 /var/www/html/zencart/index.php(94): require('...')
--> PHP Warning: Trying to access array offset on value of type null in /var/www/html/zencart/includes/templates/bootstrap/templates/tpl_modules_opc_address_block.php on line 116.

[16-Jan-2023 15:49:59 America/Indianapolis] Request URI: /zencart/index.php?main_page=checkout_one, IP address: ::1, Language id 1
#0 /var/www/html/zencart/includes/templates/bootstrap/templates/tpl_modules_opc_address_block.php(122): zen_debug_error_handler()
#1 /var/www/html/zencart/includes/templates/bootstrap/templates/tpl_modules_opc_billing_address.php(16): require('...')
#2 /var/www/html/zencart/includes/templates/bootstrap/templates/tpl_checkout_one_default.php(55): require('...')
#3 /var/www/html/zencart/includes/templates/bootstrap/common/tpl_main_page.php(202): require('...')
#4 /var/www/html/zencart/index.php(94): require('...')
--> PHP Warning: Undefined variable $address_info in /var/www/html/zencart/includes/templates/bootstrap/templates/tpl_modules_opc_address_block.php on line 122.

[16-Jan-2023 15:49:59 America/Indianapolis] Request URI: /zencart/index.php?main_page=checkout_one, IP address: ::1, Language id 1
#0 /var/www/html/zencart/includes/templates/bootstrap/templates/tpl_modules_opc_address_block.php(122): zen_debug_error_handler()
#1 /var/www/html/zencart/includes/templates/bootstrap/templates/tpl_modules_opc_billing_address.php(16): require('...')
#2 /var/www/html/zencart/includes/templates/bootstrap/templates/tpl_checkout_one_default.php(55): require('...')
#3 /var/www/html/zencart/includes/templates/bootstrap/common/tpl_main_page.php(202): require('...')
#4 /var/www/html/zencart/index.php(94): require('...')
--> PHP Warning: Trying to access array offset on value of type null in /var/www/html/zencart/includes/templates/bootstrap/templates/tpl_modules_opc_address_block.php on line 122.

[16-Jan-2023 15:49:59 America/Indianapolis] Request URI: /zencart/index.php?main_page=checkout_one, IP address: ::1, Language id 1
#0 /var/www/html/zencart/includes/templates/bootstrap/templates/tpl_modules_opc_address_block.php(127): zen_debug_error_handler()
#1 /var/www/html/zencart/includes/templates/bootstrap/templates/tpl_modules_opc_billing_address.php(16): require('...')
#2 /var/www/html/zencart/includes/templates/bootstrap/templates/tpl_checkout_one_default.php(55): require('...')
#3 /var/www/html/zencart/includes/templates/bootstrap/common/tpl_main_page.php(202): require('...')
#4 /var/www/html/zencart/index.php(94): require('...')
--> PHP Warning: Undefined array key "agency" in /var/www/html/zencart/includes/templates/bootstrap/templates/tpl_modules_opc_address_block.php on line 127.

[16-Jan-2023 15:49:59 America/Indianapolis] Request URI: /zencart/index.php?main_page=checkout_one, IP address: ::1, Language id 1
#0 /var/www/html/zencart/includes/templates/bootstrap/templates/tpl_modules_opc_address_block.php(129): zen_debug_error_handler()
#1 /var/www/html/zencart/includes/templates/bootstrap/templates/tpl_modules_opc_billing_address.php(16): require('...')
#2 /var/www/html/zencart/includes/templates/bootstrap/templates/tpl_checkout_one_default.php(55): require('...')
#3 /var/www/html/zencart/includes/templates/bootstrap/common/tpl_main_page.php(202): require('...')
#4 /var/www/html/zencart/index.php(94): require('...')
--> PHP Warning: Undefined variable $address_info in /var/www/html/zencart/includes/templates/bootstrap/templates/tpl_modules_opc_address_block.php on line 129.

[16-Jan-2023 15:49:59 America/Indianapolis] Request URI: /zencart/index.php?main_page=checkout_one, IP address: ::1, Language id 1
#0 /var/www/html/zencart/includes/templates/bootstrap/templates/tpl_modules_opc_address_block.php(129): zen_debug_error_handler()
#1 /var/www/html/zencart/includes/templates/bootstrap/templates/tpl_modules_opc_billing_address.php(16): require('...')
#2 /var/www/html/zencart/includes/templates/bootstrap/templates/tpl_checkout_one_default.php(55): require('...')
#3 /var/www/html/zencart/includes/templates/bootstrap/common/tpl_main_page.php(202): require('...')
#4 /var/www/html/zencart/index.php(94): require('...')
--> PHP Warning: Trying to access array offset on value of type null in /var/www/html/zencart/includes/templates/bootstrap/templates/tpl_modules_opc_address_block.php on line 129.

[16-Jan-2023 15:49:59 America/Indianapolis] Request URI: /zencart/index.php?main_page=checkout_one, IP address: ::1, Language id 1
#0 /var/www/html/zencart/includes/templates/bootstrap/templates/tpl_modules_opc_address_block.php(116): zen_debug_error_handler()
#1 /var/www/html/zencart/includes/templates/bootstrap/templates/tpl_modules_opc_shipping_address.php(30): require('...')
#2 /var/www/html/zencart/includes/templates/bootstrap/templates/tpl_checkout_one_default.php(60): require('...')
#3 /var/www/html/zencart/includes/templates/bootstrap/common/tpl_main_page.php(202): require('...')
#4 /var/www/html/zencart/index.php(94): require('...')
--> PHP Warning: Undefined variable $address_info in /var/www/html/zencart/includes/templates/bootstrap/templates/tpl_modules_opc_address_block.php on line 116.

[16-Jan-2023 15:49:59 America/Indianapolis] Request URI: /zencart/index.php?main_page=checkout_one, IP address: ::1, Language id 1
#0 /var/www/html/zencart/includes/templates/bootstrap/templates/tpl_modules_opc_address_block.php(116): zen_debug_error_handler()
#1 /var/www/html/zencart/includes/templates/bootstrap/templates/tpl_modules_opc_shipping_address.php(30): require('...')
#2 /var/www/html/zencart/includes/templates/bootstrap/templates/tpl_checkout_one_default.php(60): require('...')
#3 /var/www/html/zencart/includes/templates/bootstrap/common/tpl_main_page.php(202): require('...')
#4 /var/www/html/zencart/index.php(94): require('...')
--> PHP Warning: Trying to access array offset on value of type null in /var/www/html/zencart/includes/templates/bootstrap/templates/tpl_modules_opc_address_block.php on line 116.

[16-Jan-2023 15:49:59 America/Indianapolis] Request URI: /zencart/index.php?main_page=checkout_one, IP address: ::1, Language id 1
#0 /var/www/html/zencart/includes/templates/bootstrap/templates/tpl_modules_opc_address_block.php(122): zen_debug_error_handler()
#1 /var/www/html/zencart/includes/templates/bootstrap/templates/tpl_modules_opc_shipping_address.php(30): require('...')
#2 /var/www/html/zencart/includes/templates/bootstrap/templates/tpl_checkout_one_default.php(60): require('...')
#3 /var/www/html/zencart/includes/templates/bootstrap/common/tpl_main_page.php(202): require('...')
#4 /var/www/html/zencart/index.php(94): require('...')
--> PHP Warning: Undefined variable $address_info in /var/www/html/zencart/includes/templates/bootstrap/templates/tpl_modules_opc_address_block.php on line 122.

[16-Jan-2023 15:49:59 America/Indianapolis] Request URI: /zencart/index.php?main_page=checkout_one, IP address: ::1, Language id 1
#0 /var/www/html/zencart/includes/templates/bootstrap/templates/tpl_modules_opc_address_block.php(122): zen_debug_error_handler()
#1 /var/www/html/zencart/includes/templates/bootstrap/templates/tpl_modules_opc_shipping_address.php(30): require('...')
#2 /var/www/html/zencart/includes/templates/bootstrap/templates/tpl_checkout_one_default.php(60): require('...')
#3 /var/www/html/zencart/includes/templates/bootstrap/common/tpl_main_page.php(202): require('...')
#4 /var/www/html/zencart/index.php(94): require('...')
--> PHP Warning: Trying to access array offset on value of type null in /var/www/html/zencart/includes/templates/bootstrap/templates/tpl_modules_opc_address_block.php on line 122.

[16-Jan-2023 15:49:59 America/Indianapolis] Request URI: /zencart/index.php?main_page=checkout_one, IP address: ::1, Language id 1
#0 /var/www/html/zencart/includes/templates/bootstrap/templates/tpl_modules_opc_address_block.php(127): zen_debug_error_handler()
#1 /var/www/html/zencart/includes/templates/bootstrap/templates/tpl_modules_opc_shipping_address.php(30): require('...')
#2 /var/www/html/zencart/includes/templates/bootstrap/templates/tpl_checkout_one_default.php(60): require('...')
#3 /var/www/html/zencart/includes/templates/bootstrap/common/tpl_main_page.php(202): require('...')
#4 /var/www/html/zencart/index.php(94): require('...')
--> PHP Warning: Undefined array key "agency" in /var/www/html/zencart/includes/templates/bootstrap/templates/tpl_modules_opc_address_block.php on line 127.

[16-Jan-2023 15:49:59 America/Indianapolis] Request URI: /zencart/index.php?main_page=checkout_one, IP address: ::1, Language id 1
#0 /var/www/html/zencart/includes/templates/bootstrap/templates/tpl_modules_opc_address_block.php(129): zen_debug_error_handler()
#1 /var/www/html/zencart/includes/templates/bootstrap/templates/tpl_modules_opc_shipping_address.php(30): require('...')
#2 /var/www/html/zencart/includes/templates/bootstrap/templates/tpl_checkout_one_default.php(60): require('...')
#3 /var/www/html/zencart/includes/templates/bootstrap/common/tpl_main_page.php(202): require('...')
#4 /var/www/html/zencart/index.php(94): require('...')
--> PHP Warning: Undefined variable $address_info in /var/www/html/zencart/includes/templates/bootstrap/templates/tpl_modules_opc_address_block.php on line 129.

[16-Jan-2023 15:49:59 America/Indianapolis] Request URI: /zencart/index.php?main_page=checkout_one, IP address: ::1, Language id 1
#0 /var/www/html/zencart/includes/templates/bootstrap/templates/tpl_modules_opc_address_block.php(129): zen_debug_error_handler()
#1 /var/www/html/zencart/includes/templates/bootstrap/templates/tpl_modules_opc_shipping_address.php(30): require('...')
#2 /var/www/html/zencart/includes/templates/bootstrap/templates/tpl_checkout_one_default.php(60): require('...')
#3 /var/www/html/zencart/includes/templates/bootstrap/common/tpl_main_page.php(202): require('...')
#4 /var/www/html/zencart/index.php(94): require('...')
--> PHP Warning: Trying to access array offset on value of type null in /var/www/html/zencart/includes/templates/bootstrap/templates/tpl_modules_opc_address_block.php on line 129.

