[20-Jan-2023 15:37:00 America/Indianapolis] Request URI: /zencart/ajax.php?act=ajaxOnePageCheckout&method=validateAddressValues, IP address: ::1, Language id 1
#0 /var/www/html/zencart/includes/classes/OnePageCheckout.php(1514): zen_debug_error_handler()
#1 /var/www/html/zencart/includes/classes/OnePageCheckout.php(1319): OnePageCheckout->validateUpdatedAddress()
#2 /var/www/html/zencart/includes/classes/ajax/zcAjaxOnePageCheckout.php(371): OnePageCheckout->validateAndSaveAjaxPostedAddress()
#3 /var/www/html/zencart/ajax.php(85): zcAjaxOnePageCheckout->validateAddressValues()
--> PHP Warning: Undefined array key "county" in /var/www/html/zencart/includes/classes/OnePageCheckout.php on line 1514.

[20-Jan-2023 15:37:00 America/Indianapolis] Request URI: /zencart/ajax.php?act=ajaxOnePageCheckout&method=validateAddressValues, IP address: ::1, Language id 1
#0 /var/www/html/zencart/includes/classes/OnePageCheckout.php(1515): zen_debug_error_handler()
#1 /var/www/html/zencart/includes/classes/OnePageCheckout.php(1319): OnePageCheckout->validateUpdatedAddress()
#2 /var/www/html/zencart/includes/classes/ajax/zcAjaxOnePageCheckout.php(371): OnePageCheckout->validateAndSaveAjaxPostedAddress()
#3 /var/www/html/zencart/ajax.php(85): zcAjaxOnePageCheckout->validateAddressValues()
--> PHP Warning: Undefined array key "agency" in /var/www/html/zencart/includes/classes/OnePageCheckout.php on line 1515.

[20-Jan-2023 15:37:00 America/Indianapolis] Request URI: /zencart/ajax.php?act=ajaxOnePageCheckout&method=validateAddressValues, IP address: ::1, Language id 1
#0 /var/www/html/zencart/includes/classes/OnePageCheckout.php(1516): zen_debug_error_handler()
#1 /var/www/html/zencart/includes/classes/OnePageCheckout.php(1319): OnePageCheckout->validateUpdatedAddress()
#2 /var/www/html/zencart/includes/classes/ajax/zcAjaxOnePageCheckout.php(371): OnePageCheckout->validateAndSaveAjaxPostedAddress()
#3 /var/www/html/zencart/ajax.php(85): zcAjaxOnePageCheckout->validateAddressValues()
--> PHP Warning: Undefined array key "unit" in /var/www/html/zencart/includes/classes/OnePageCheckout.php on line 1516.

[20-Jan-2023 15:37:00 America/Indianapolis] Request URI: /zencart/ajax.php?act=ajaxOnePageCheckout&method=validateAddressValues, IP address: ::1, Language id 1
#0 /var/www/html/zencart/includes/classes/OnePageCheckout.php(1642): zen_debug_error_handler()
#1 /var/www/html/zencart/includes/classes/OnePageCheckout.php(1319): OnePageCheckout->validateUpdatedAddress()
#2 /var/www/html/zencart/includes/classes/ajax/zcAjaxOnePageCheckout.php(371): OnePageCheckout->validateAndSaveAjaxPostedAddress()
#3 /var/www/html/zencart/ajax.php(85): zcAjaxOnePageCheckout->validateAddressValues()
--> PHP Warning: Undefined variable $state in /var/www/html/zencart/includes/classes/OnePageCheckout.php on line 1642.

[20-Jan-2023 15:37:00 America/Indianapolis] Request URI: /zencart/ajax.php?act=ajaxOnePageCheckout&method=validateAddressValues, IP address: ::1, Language id 1
#0 /var/www/html/zencart/includes/classes/OnePageCheckout.php(1648): zen_debug_error_handler()
#1 /var/www/html/zencart/includes/classes/OnePageCheckout.php(1319): OnePageCheckout->validateUpdatedAddress()
#2 /var/www/html/zencart/includes/classes/ajax/zcAjaxOnePageCheckout.php(371): OnePageCheckout->validateAndSaveAjaxPostedAddress()
#3 /var/www/html/zencart/ajax.php(85): zcAjaxOnePageCheckout->validateAddressValues()
--> PHP Warning: Undefined variable $country_has_zones in /var/www/html/zencart/includes/classes/OnePageCheckout.php on line 1648.

